**** Job starts ****
Mon Jan  5 02:51:14 PM EST 2026
*********************************************************************
* LD Score Regression (LDSC)
* Version 1.0.1
* (C) 2014-2019 Brendan Bulik-Sullivan and Hilary Finucane
* Broad Institute of MIT and Harvard / MIT Department of Mathematics
* GNU General Public License v3
*********************************************************************
Call: 
./ldsc.py \
--h2 /dcs04/lieber/shared/statsgen/LDSC/base/gwas_brain/height_ldscore.gz \
--ref-ld-chr /dcs04/lieber/marmaypag/spatialNac_LIBD4125/spatial_NAc/processed-data/19_sLDSC/snRNA_seq/input_files/DRD1_MSN_D/chr.,/dcs04/lieber/shared/statsgen/LDSC/base/baseline2/baselineLD. \
--out /dcs04/lieber/marmaypag/spatialNac_LIBD4125/spatial_NAc/processed-data/19_sLDSC/snRNA_seq/sLDSC_coefficients/DRD1_MSN_D/height_ldscore.out \
--overlap-annot  \
--frqfile-chr /dcs04/lieber/shared/statsgen/LDSC/base/referencefiles/1000G_Phase3_frq/1000G.EUR.QC. \
--w-ld-chr /dcs04/lieber/shared/statsgen/LDSC/base/referencefiles/1000G_Phase3_weights_hm3_no_MHC/weights.hm3_noMHC. \
--print-coefficients  

Beginning analysis at Mon Jan  5 14:51:17 2026
Reading summary statistics from /dcs04/lieber/shared/statsgen/LDSC/base/gwas_brain/height_ldscore.gz ...
Read summary statistics for 1002716 SNPs.
Reading reference panel LD Score from /dcs04/lieber/marmaypag/spatialNac_LIBD4125/spatial_NAc/processed-data/19_sLDSC/snRNA_seq/input_files/DRD1_MSN_D/chr.,/dcs04/lieber/shared/statsgen/LDSC/base/baseline2/baselineLD.[1-22] ... (ldscore_fromlist)
Read reference panel LD Scores for 1195563 SNPs.
Removing partitioned LD Scores with zero variance.
Reading regression weight LD Score from /dcs04/lieber/shared/statsgen/LDSC/base/referencefiles/1000G_Phase3_weights_hm3_no_MHC/weights.hm3_noMHC.[1-22] ... (ldscore_fromlist)
Read regression weight LD Scores for 1187349 SNPs.
After merging with reference panel LD, 1002716 SNPs remain.
After merging with regression SNP LD, 921362 SNPs remain.
Removed 462 SNPs with chi^2 > 709.703 (920900 SNPs remain)
Total Observed scale h2: 0.5303 (0.0217)
Categories: L2_0 baseL2_1 Coding_UCSCL2_1 Coding_UCSC.flanking.500L2_1 Conserved_LindbladTohL2_1 Conserved_LindbladToh.flanking.500L2_1 CTCF_HoffmanL2_1 CTCF_Hoffman.flanking.500L2_1 DGF_ENCODEL2_1 DGF_ENCODE.flanking.500L2_1 DHS_peaks_TrynkaL2_1 DHS_TrynkaL2_1 DHS_Trynka.flanking.500L2_1 Enhancer_AnderssonL2_1 Enhancer_Andersson.flanking.500L2_1 Enhancer_HoffmanL2_1 Enhancer_Hoffman.flanking.500L2_1 FetalDHS_TrynkaL2_1 FetalDHS_Trynka.flanking.500L2_1 H3K27ac_HniszL2_1 H3K27ac_Hnisz.flanking.500L2_1 H3K27ac_PGC2L2_1 H3K27ac_PGC2.flanking.500L2_1 H3K4me1_peaks_TrynkaL2_1 H3K4me1_TrynkaL2_1 H3K4me1_Trynka.flanking.500L2_1 H3K4me3_peaks_TrynkaL2_1 H3K4me3_TrynkaL2_1 H3K4me3_Trynka.flanking.500L2_1 H3K9ac_peaks_TrynkaL2_1 H3K9ac_TrynkaL2_1 H3K9ac_Trynka.flanking.500L2_1 Intron_UCSCL2_1 Intron_UCSC.flanking.500L2_1 PromoterFlanking_HoffmanL2_1 PromoterFlanking_Hoffman.flanking.500L2_1 Promoter_UCSCL2_1 Promoter_UCSC.flanking.500L2_1 Repressed_HoffmanL2_1 Repressed_Hoffman.flanking.500L2_1 SuperEnhancer_HniszL2_1 SuperEnhancer_Hnisz.flanking.500L2_1 TFBS_ENCODEL2_1 TFBS_ENCODE.flanking.500L2_1 Transcr_HoffmanL2_1 Transcr_Hoffman.flanking.500L2_1 TSS_HoffmanL2_1 TSS_Hoffman.flanking.500L2_1 UTR_3_UCSCL2_1 UTR_3_UCSC.flanking.500L2_1 UTR_5_UCSCL2_1 UTR_5_UCSC.flanking.500L2_1 WeakEnhancer_HoffmanL2_1 WeakEnhancer_Hoffman.flanking.500L2_1 GERP.NSL2_1 GERP.RSsup4L2_1 MAFbin1L2_1 MAFbin2L2_1 MAFbin3L2_1 MAFbin4L2_1 MAFbin5L2_1 MAFbin6L2_1 MAFbin7L2_1 MAFbin8L2_1 MAFbin9L2_1 MAFbin10L2_1 MAF_Adj_Predicted_Allele_AgeL2_1 MAF_Adj_LLD_AFRL2_1 Recomb_Rate_10kbL2_1 Nucleotide_Diversity_10kbL2_1 Backgrd_Selection_StatL2_1 CpG_Content_50kbL2_1 MAF_Adj_ASMCL2_1 GTEx_eQTL_MaxCPPL2_1 BLUEPRINT_H3K27acQTL_MaxCPPL2_1 BLUEPRINT_H3K4me1QTL_MaxCPPL2_1 BLUEPRINT_DNA_methylation_MaxCPPL2_1 synonymousL2_1 non_synonymousL2_1 Conserved_Vertebrate_phastCons46wayL2_1 Conserved_Vertebrate_phastCons46way.flanking.500L2_1 Conserved_Mammal_phastCons46wayL2_1 Conserved_Mammal_phastCons46way.flanking.500L2_1 Conserved_Primate_phastCons46wayL2_1 Conserved_Primate_phastCons46way.flanking.500L2_1 BivFlnkL2_1 BivFlnk.flanking.500L2_1 Human_Promoter_VillarL2_1 Human_Promoter_Villar.flanking.500L2_1 Human_Enhancer_VillarL2_1 Human_Enhancer_Villar.flanking.500L2_1 Ancient_Sequence_Age_Human_PromoterL2_1 Ancient_Sequence_Age_Human_Promoter.flanking.500L2_1 Ancient_Sequence_Age_Human_EnhancerL2_1 Ancient_Sequence_Age_Human_Enhancer.flanking.500L2_1 Human_Enhancer_Villar_Species_Enhancer_CountL2_1 Human_Promoter_Villar_ExACL2_1 Human_Promoter_Villar_ExAC.flanking.500L2_1
Lambda GC: 3.6339
Mean Chi^2: 8.4971
Intercept: 1.5353 (0.0937)
Ratio: 0.0714 (0.0125)
Reading annot matrix from /dcs04/lieber/marmaypag/spatialNac_LIBD4125/spatial_NAc/processed-data/19_sLDSC/snRNA_seq/input_files/DRD1_MSN_D/chr.,/dcs04/lieber/shared/statsgen/LDSC/base/baseline2/baselineLD.[1-22] ... (annot)
Results printed to /dcs04/lieber/marmaypag/spatialNac_LIBD4125/spatial_NAc/processed-data/19_sLDSC/snRNA_seq/sLDSC_coefficients/DRD1_MSN_D/height_ldscore.out.results
Analysis finished at Mon Jan  5 14:54:10 2026
Total time elapsed: 2.0m:53.41s
*********************************************************************
* LD Score Regression (LDSC)
* Version 1.0.1
* (C) 2014-2019 Brendan Bulik-Sullivan and Hilary Finucane
* Broad Institute of MIT and Harvard / MIT Department of Mathematics
* GNU General Public License v3
*********************************************************************
Call: 
./ldsc.py \
--h2 /dcs04/lieber/shared/statsgen/LDSC/base/gwas_brain/insomnia.gz \
--ref-ld-chr /dcs04/lieber/marmaypag/spatialNac_LIBD4125/spatial_NAc/processed-data/19_sLDSC/snRNA_seq/input_files/DRD1_MSN_D/chr.,/dcs04/lieber/shared/statsgen/LDSC/base/baseline2/baselineLD. \
--out /dcs04/lieber/marmaypag/spatialNac_LIBD4125/spatial_NAc/processed-data/19_sLDSC/snRNA_seq/sLDSC_coefficients/DRD1_MSN_D/insomnia.out \
--overlap-annot  \
--frqfile-chr /dcs04/lieber/shared/statsgen/LDSC/base/referencefiles/1000G_Phase3_frq/1000G.EUR.QC. \
--w-ld-chr /dcs04/lieber/shared/statsgen/LDSC/base/referencefiles/1000G_Phase3_weights_hm3_no_MHC/weights.hm3_noMHC. \
--print-coefficients  

Beginning analysis at Mon Jan  5 14:54:11 2026
Reading summary statistics from /dcs04/lieber/shared/statsgen/LDSC/base/gwas_brain/insomnia.gz ...
Read summary statistics for 1113944 SNPs.
Dropped 6 SNPs with duplicated rs numbers.
Reading reference panel LD Score from /dcs04/lieber/marmaypag/spatialNac_LIBD4125/spatial_NAc/processed-data/19_sLDSC/snRNA_seq/input_files/DRD1_MSN_D/chr.,/dcs04/lieber/shared/statsgen/LDSC/base/baseline2/baselineLD.[1-22] ... (ldscore_fromlist)
Read reference panel LD Scores for 1195563 SNPs.
Removing partitioned LD Scores with zero variance.
Reading regression weight LD Score from /dcs04/lieber/shared/statsgen/LDSC/base/referencefiles/1000G_Phase3_weights_hm3_no_MHC/weights.hm3_noMHC.[1-22] ... (ldscore_fromlist)
Read regression weight LD Scores for 1187349 SNPs.
After merging with reference panel LD, 1113935 SNPs remain.
After merging with regression SNP LD, 1021908 SNPs remain.
Removed 0 SNPs with chi^2 > 314.149 (1021908 SNPs remain)
Total Observed scale h2: 0.0528 (0.0032)
Categories: L2_0 baseL2_1 Coding_UCSCL2_1 Coding_UCSC.flanking.500L2_1 Conserved_LindbladTohL2_1 Conserved_LindbladToh.flanking.500L2_1 CTCF_HoffmanL2_1 CTCF_Hoffman.flanking.500L2_1 DGF_ENCODEL2_1 DGF_ENCODE.flanking.500L2_1 DHS_peaks_TrynkaL2_1 DHS_TrynkaL2_1 DHS_Trynka.flanking.500L2_1 Enhancer_AnderssonL2_1 Enhancer_Andersson.flanking.500L2_1 Enhancer_HoffmanL2_1 Enhancer_Hoffman.flanking.500L2_1 FetalDHS_TrynkaL2_1 FetalDHS_Trynka.flanking.500L2_1 H3K27ac_HniszL2_1 H3K27ac_Hnisz.flanking.500L2_1 H3K27ac_PGC2L2_1 H3K27ac_PGC2.flanking.500L2_1 H3K4me1_peaks_TrynkaL2_1 H3K4me1_TrynkaL2_1 H3K4me1_Trynka.flanking.500L2_1 H3K4me3_peaks_TrynkaL2_1 H3K4me3_TrynkaL2_1 H3K4me3_Trynka.flanking.500L2_1 H3K9ac_peaks_TrynkaL2_1 H3K9ac_TrynkaL2_1 H3K9ac_Trynka.flanking.500L2_1 Intron_UCSCL2_1 Intron_UCSC.flanking.500L2_1 PromoterFlanking_HoffmanL2_1 PromoterFlanking_Hoffman.flanking.500L2_1 Promoter_UCSCL2_1 Promoter_UCSC.flanking.500L2_1 Repressed_HoffmanL2_1 Repressed_Hoffman.flanking.500L2_1 SuperEnhancer_HniszL2_1 SuperEnhancer_Hnisz.flanking.500L2_1 TFBS_ENCODEL2_1 TFBS_ENCODE.flanking.500L2_1 Transcr_HoffmanL2_1 Transcr_Hoffman.flanking.500L2_1 TSS_HoffmanL2_1 TSS_Hoffman.flanking.500L2_1 UTR_3_UCSCL2_1 UTR_3_UCSC.flanking.500L2_1 UTR_5_UCSCL2_1 UTR_5_UCSC.flanking.500L2_1 WeakEnhancer_HoffmanL2_1 WeakEnhancer_Hoffman.flanking.500L2_1 GERP.NSL2_1 GERP.RSsup4L2_1 MAFbin1L2_1 MAFbin2L2_1 MAFbin3L2_1 MAFbin4L2_1 MAFbin5L2_1 MAFbin6L2_1 MAFbin7L2_1 MAFbin8L2_1 MAFbin9L2_1 MAFbin10L2_1 MAF_Adj_Predicted_Allele_AgeL2_1 MAF_Adj_LLD_AFRL2_1 Recomb_Rate_10kbL2_1 Nucleotide_Diversity_10kbL2_1 Backgrd_Selection_StatL2_1 CpG_Content_50kbL2_1 MAF_Adj_ASMCL2_1 GTEx_eQTL_MaxCPPL2_1 BLUEPRINT_H3K27acQTL_MaxCPPL2_1 BLUEPRINT_H3K4me1QTL_MaxCPPL2_1 BLUEPRINT_DNA_methylation_MaxCPPL2_1 synonymousL2_1 non_synonymousL2_1 Conserved_Vertebrate_phastCons46wayL2_1 Conserved_Vertebrate_phastCons46way.flanking.500L2_1 Conserved_Mammal_phastCons46wayL2_1 Conserved_Mammal_phastCons46way.flanking.500L2_1 Conserved_Primate_phastCons46wayL2_1 Conserved_Primate_phastCons46way.flanking.500L2_1 BivFlnkL2_1 BivFlnk.flanking.500L2_1 Human_Promoter_VillarL2_1 Human_Promoter_Villar.flanking.500L2_1 Human_Enhancer_VillarL2_1 Human_Enhancer_Villar.flanking.500L2_1 Ancient_Sequence_Age_Human_PromoterL2_1 Ancient_Sequence_Age_Human_Promoter.flanking.500L2_1 Ancient_Sequence_Age_Human_EnhancerL2_1 Ancient_Sequence_Age_Human_Enhancer.flanking.500L2_1 Human_Enhancer_Villar_Species_Enhancer_CountL2_1 Human_Promoter_Villar_ExACL2_1 Human_Promoter_Villar_ExAC.flanking.500L2_1
Lambda GC: 1.3072
Mean Chi^2: 1.3673
Intercept: 1.0336 (0.0108)
Ratio: 0.0914 (0.0294)
Reading annot matrix from /dcs04/lieber/marmaypag/spatialNac_LIBD4125/spatial_NAc/processed-data/19_sLDSC/snRNA_seq/input_files/DRD1_MSN_D/chr.,/dcs04/lieber/shared/statsgen/LDSC/base/baseline2/baselineLD.[1-22] ... (annot)
Results printed to /dcs04/lieber/marmaypag/spatialNac_LIBD4125/spatial_NAc/processed-data/19_sLDSC/snRNA_seq/sLDSC_coefficients/DRD1_MSN_D/insomnia.out.results
Analysis finished at Mon Jan  5 14:57:31 2026
Total time elapsed: 3.0m:19.42s
*********************************************************************
* LD Score Regression (LDSC)
* Version 1.0.1
* (C) 2014-2019 Brendan Bulik-Sullivan and Hilary Finucane
* Broad Institute of MIT and Harvard / MIT Department of Mathematics
* GNU General Public License v3
*********************************************************************
Call: 
./ldsc.py \
--h2 /dcs04/lieber/shared/statsgen/LDSC/base/gwas_brain/intelligence.gz \
--ref-ld-chr /dcs04/lieber/marmaypag/spatialNac_LIBD4125/spatial_NAc/processed-data/19_sLDSC/snRNA_seq/input_files/DRD1_MSN_D/chr.,/dcs04/lieber/shared/statsgen/LDSC/base/baseline2/baselineLD. \
--out /dcs04/lieber/marmaypag/spatialNac_LIBD4125/spatial_NAc/processed-data/19_sLDSC/snRNA_seq/sLDSC_coefficients/DRD1_MSN_D/intelligence.out \
--overlap-annot  \
--frqfile-chr /dcs04/lieber/shared/statsgen/LDSC/base/referencefiles/1000G_Phase3_frq/1000G.EUR.QC. \
--w-ld-chr /dcs04/lieber/shared/statsgen/LDSC/base/referencefiles/1000G_Phase3_weights_hm3_no_MHC/weights.hm3_noMHC. \
--print-coefficients  

Beginning analysis at Mon Jan  5 14:57:32 2026
Reading summary statistics from /dcs04/lieber/shared/statsgen/LDSC/base/gwas_brain/intelligence.gz ...
Read summary statistics for 1152076 SNPs.
Reading reference panel LD Score from /dcs04/lieber/marmaypag/spatialNac_LIBD4125/spatial_NAc/processed-data/19_sLDSC/snRNA_seq/input_files/DRD1_MSN_D/chr.,/dcs04/lieber/shared/statsgen/LDSC/base/baseline2/baselineLD.[1-22] ... (ldscore_fromlist)
Read reference panel LD Scores for 1195563 SNPs.
Removing partitioned LD Scores with zero variance.
Reading regression weight LD Score from /dcs04/lieber/shared/statsgen/LDSC/base/referencefiles/1000G_Phase3_weights_hm3_no_MHC/weights.hm3_noMHC.[1-22] ... (ldscore_fromlist)
Read regression weight LD Scores for 1187349 SNPs.
After merging with reference panel LD, 1152073 SNPs remain.
After merging with regression SNP LD, 1066378 SNPs remain.
Removed 0 SNPs with chi^2 > 269.867 (1066378 SNPs remain)
Total Observed scale h2: 0.1842 (0.0065)
Categories: L2_0 baseL2_1 Coding_UCSCL2_1 Coding_UCSC.flanking.500L2_1 Conserved_LindbladTohL2_1 Conserved_LindbladToh.flanking.500L2_1 CTCF_HoffmanL2_1 CTCF_Hoffman.flanking.500L2_1 DGF_ENCODEL2_1 DGF_ENCODE.flanking.500L2_1 DHS_peaks_TrynkaL2_1 DHS_TrynkaL2_1 DHS_Trynka.flanking.500L2_1 Enhancer_AnderssonL2_1 Enhancer_Andersson.flanking.500L2_1 Enhancer_HoffmanL2_1 Enhancer_Hoffman.flanking.500L2_1 FetalDHS_TrynkaL2_1 FetalDHS_Trynka.flanking.500L2_1 H3K27ac_HniszL2_1 H3K27ac_Hnisz.flanking.500L2_1 H3K27ac_PGC2L2_1 H3K27ac_PGC2.flanking.500L2_1 H3K4me1_peaks_TrynkaL2_1 H3K4me1_TrynkaL2_1 H3K4me1_Trynka.flanking.500L2_1 H3K4me3_peaks_TrynkaL2_1 H3K4me3_TrynkaL2_1 H3K4me3_Trynka.flanking.500L2_1 H3K9ac_peaks_TrynkaL2_1 H3K9ac_TrynkaL2_1 H3K9ac_Trynka.flanking.500L2_1 Intron_UCSCL2_1 Intron_UCSC.flanking.500L2_1 PromoterFlanking_HoffmanL2_1 PromoterFlanking_Hoffman.flanking.500L2_1 Promoter_UCSCL2_1 Promoter_UCSC.flanking.500L2_1 Repressed_HoffmanL2_1 Repressed_Hoffman.flanking.500L2_1 SuperEnhancer_HniszL2_1 SuperEnhancer_Hnisz.flanking.500L2_1 TFBS_ENCODEL2_1 TFBS_ENCODE.flanking.500L2_1 Transcr_HoffmanL2_1 Transcr_Hoffman.flanking.500L2_1 TSS_HoffmanL2_1 TSS_Hoffman.flanking.500L2_1 UTR_3_UCSCL2_1 UTR_3_UCSC.flanking.500L2_1 UTR_5_UCSCL2_1 UTR_5_UCSC.flanking.500L2_1 WeakEnhancer_HoffmanL2_1 WeakEnhancer_Hoffman.flanking.500L2_1 GERP.NSL2_1 GERP.RSsup4L2_1 MAFbin1L2_1 MAFbin2L2_1 MAFbin3L2_1 MAFbin4L2_1 MAFbin5L2_1 MAFbin6L2_1 MAFbin7L2_1 MAFbin8L2_1 MAFbin9L2_1 MAFbin10L2_1 MAF_Adj_Predicted_Allele_AgeL2_1 MAF_Adj_LLD_AFRL2_1 Recomb_Rate_10kbL2_1 Nucleotide_Diversity_10kbL2_1 Backgrd_Selection_StatL2_1 CpG_Content_50kbL2_1 MAF_Adj_ASMCL2_1 GTEx_eQTL_MaxCPPL2_1 BLUEPRINT_H3K27acQTL_MaxCPPL2_1 BLUEPRINT_H3K4me1QTL_MaxCPPL2_1 BLUEPRINT_DNA_methylation_MaxCPPL2_1 synonymousL2_1 non_synonymousL2_1 Conserved_Vertebrate_phastCons46wayL2_1 Conserved_Vertebrate_phastCons46way.flanking.500L2_1 Conserved_Mammal_phastCons46wayL2_1 Conserved_Mammal_phastCons46way.flanking.500L2_1 Conserved_Primate_phastCons46wayL2_1 Conserved_Primate_phastCons46way.flanking.500L2_1 BivFlnkL2_1 BivFlnk.flanking.500L2_1 Human_Promoter_VillarL2_1 Human_Promoter_Villar.flanking.500L2_1 Human_Enhancer_VillarL2_1 Human_Enhancer_Villar.flanking.500L2_1 Ancient_Sequence_Age_Human_PromoterL2_1 Ancient_Sequence_Age_Human_Promoter.flanking.500L2_1 Ancient_Sequence_Age_Human_EnhancerL2_1 Ancient_Sequence_Age_Human_Enhancer.flanking.500L2_1 Human_Enhancer_Villar_Species_Enhancer_CountL2_1 Human_Promoter_Villar_ExACL2_1 Human_Promoter_Villar_ExAC.flanking.500L2_1
Lambda GC: 1.7295
Mean Chi^2: 2.0471
Intercept: 1.0726 (0.0128)
Ratio: 0.0693 (0.0122)
Reading annot matrix from /dcs04/lieber/marmaypag/spatialNac_LIBD4125/spatial_NAc/processed-data/19_sLDSC/snRNA_seq/input_files/DRD1_MSN_D/chr.,/dcs04/lieber/shared/statsgen/LDSC/base/baseline2/baselineLD.[1-22] ... (annot)
Results printed to /dcs04/lieber/marmaypag/spatialNac_LIBD4125/spatial_NAc/processed-data/19_sLDSC/snRNA_seq/sLDSC_coefficients/DRD1_MSN_D/intelligence.out.results
Analysis finished at Mon Jan  5 15:01:07 2026
Total time elapsed: 3.0m:35.16s
*********************************************************************
* LD Score Regression (LDSC)
* Version 1.0.1
* (C) 2014-2019 Brendan Bulik-Sullivan and Hilary Finucane
* Broad Institute of MIT and Harvard / MIT Department of Mathematics
* GNU General Public License v3
*********************************************************************
Call: 
./ldsc.py \
--h2 /dcs04/lieber/shared/statsgen/LDSC/base/gwas_brain/mdd2019edinburgh_ldscore.gz \
--ref-ld-chr /dcs04/lieber/marmaypag/spatialNac_LIBD4125/spatial_NAc/processed-data/19_sLDSC/snRNA_seq/input_files/DRD1_MSN_D/chr.,/dcs04/lieber/shared/statsgen/LDSC/base/baseline2/baselineLD. \
--out /dcs04/lieber/marmaypag/spatialNac_LIBD4125/spatial_NAc/processed-data/19_sLDSC/snRNA_seq/sLDSC_coefficients/DRD1_MSN_D/mdd2019edinburgh_ldscore.out \
--overlap-annot  \
--frqfile-chr /dcs04/lieber/shared/statsgen/LDSC/base/referencefiles/1000G_Phase3_frq/1000G.EUR.QC. \
--w-ld-chr /dcs04/lieber/shared/statsgen/LDSC/base/referencefiles/1000G_Phase3_weights_hm3_no_MHC/weights.hm3_noMHC. \
--print-coefficients  

Beginning analysis at Mon Jan  5 15:01:09 2026
Reading summary statistics from /dcs04/lieber/shared/statsgen/LDSC/base/gwas_brain/mdd2019edinburgh_ldscore.gz ...
Read summary statistics for 1139849 SNPs.
Reading reference panel LD Score from /dcs04/lieber/marmaypag/spatialNac_LIBD4125/spatial_NAc/processed-data/19_sLDSC/snRNA_seq/input_files/DRD1_MSN_D/chr.,/dcs04/lieber/shared/statsgen/LDSC/base/baseline2/baselineLD.[1-22] ... (ldscore_fromlist)
Read reference panel LD Scores for 1195563 SNPs.
Removing partitioned LD Scores with zero variance.
Reading regression weight LD Score from /dcs04/lieber/shared/statsgen/LDSC/base/referencefiles/1000G_Phase3_weights_hm3_no_MHC/weights.hm3_noMHC.[1-22] ... (ldscore_fromlist)
Read regression weight LD Scores for 1187349 SNPs.
After merging with reference panel LD, 1139846 SNPs remain.
After merging with regression SNP LD, 1045914 SNPs remain.
Removed 0 SNPs with chi^2 > 449.855 (1045914 SNPs remain)
Total Observed scale h2: 0.0664 (0.0029)
Categories: L2_0 baseL2_1 Coding_UCSCL2_1 Coding_UCSC.flanking.500L2_1 Conserved_LindbladTohL2_1 Conserved_LindbladToh.flanking.500L2_1 CTCF_HoffmanL2_1 CTCF_Hoffman.flanking.500L2_1 DGF_ENCODEL2_1 DGF_ENCODE.flanking.500L2_1 DHS_peaks_TrynkaL2_1 DHS_TrynkaL2_1 DHS_Trynka.flanking.500L2_1 Enhancer_AnderssonL2_1 Enhancer_Andersson.flanking.500L2_1 Enhancer_HoffmanL2_1 Enhancer_Hoffman.flanking.500L2_1 FetalDHS_TrynkaL2_1 FetalDHS_Trynka.flanking.500L2_1 H3K27ac_HniszL2_1 H3K27ac_Hnisz.flanking.500L2_1 H3K27ac_PGC2L2_1 H3K27ac_PGC2.flanking.500L2_1 H3K4me1_peaks_TrynkaL2_1 H3K4me1_TrynkaL2_1 H3K4me1_Trynka.flanking.500L2_1 H3K4me3_peaks_TrynkaL2_1 H3K4me3_TrynkaL2_1 H3K4me3_Trynka.flanking.500L2_1 H3K9ac_peaks_TrynkaL2_1 H3K9ac_TrynkaL2_1 H3K9ac_Trynka.flanking.500L2_1 Intron_UCSCL2_1 Intron_UCSC.flanking.500L2_1 PromoterFlanking_HoffmanL2_1 PromoterFlanking_Hoffman.flanking.500L2_1 Promoter_UCSCL2_1 Promoter_UCSC.flanking.500L2_1 Repressed_HoffmanL2_1 Repressed_Hoffman.flanking.500L2_1 SuperEnhancer_HniszL2_1 SuperEnhancer_Hnisz.flanking.500L2_1 TFBS_ENCODEL2_1 TFBS_ENCODE.flanking.500L2_1 Transcr_HoffmanL2_1 Transcr_Hoffman.flanking.500L2_1 TSS_HoffmanL2_1 TSS_Hoffman.flanking.500L2_1 UTR_3_UCSCL2_1 UTR_3_UCSC.flanking.500L2_1 UTR_5_UCSCL2_1 UTR_5_UCSC.flanking.500L2_1 WeakEnhancer_HoffmanL2_1 WeakEnhancer_Hoffman.flanking.500L2_1 GERP.NSL2_1 GERP.RSsup4L2_1 MAFbin1L2_1 MAFbin2L2_1 MAFbin3L2_1 MAFbin4L2_1 MAFbin5L2_1 MAFbin6L2_1 MAFbin7L2_1 MAFbin8L2_1 MAFbin9L2_1 MAFbin10L2_1 MAF_Adj_Predicted_Allele_AgeL2_1 MAF_Adj_LLD_AFRL2_1 Recomb_Rate_10kbL2_1 Nucleotide_Diversity_10kbL2_1 Backgrd_Selection_StatL2_1 CpG_Content_50kbL2_1 MAF_Adj_ASMCL2_1 GTEx_eQTL_MaxCPPL2_1 BLUEPRINT_H3K27acQTL_MaxCPPL2_1 BLUEPRINT_H3K4me1QTL_MaxCPPL2_1 BLUEPRINT_DNA_methylation_MaxCPPL2_1 synonymousL2_1 non_synonymousL2_1 Conserved_Vertebrate_phastCons46wayL2_1 Conserved_Vertebrate_phastCons46way.flanking.500L2_1 Conserved_Mammal_phastCons46wayL2_1 Conserved_Mammal_phastCons46way.flanking.500L2_1 Conserved_Primate_phastCons46wayL2_1 Conserved_Primate_phastCons46way.flanking.500L2_1 BivFlnkL2_1 BivFlnk.flanking.500L2_1 Human_Promoter_VillarL2_1 Human_Promoter_Villar.flanking.500L2_1 Human_Enhancer_VillarL2_1 Human_Enhancer_Villar.flanking.500L2_1 Ancient_Sequence_Age_Human_PromoterL2_1 Ancient_Sequence_Age_Human_Promoter.flanking.500L2_1 Ancient_Sequence_Age_Human_EnhancerL2_1 Ancient_Sequence_Age_Human_Enhancer.flanking.500L2_1 Human_Enhancer_Villar_Species_Enhancer_CountL2_1 Human_Promoter_Villar_ExACL2_1 Human_Promoter_Villar_ExAC.flanking.500L2_1
Lambda GC: 1.4555
Mean Chi^2: 1.5894
Intercept: 1.0195 (0.012)
Ratio: 0.0331 (0.0204)
Reading annot matrix from /dcs04/lieber/marmaypag/spatialNac_LIBD4125/spatial_NAc/processed-data/19_sLDSC/snRNA_seq/input_files/DRD1_MSN_D/chr.,/dcs04/lieber/shared/statsgen/LDSC/base/baseline2/baselineLD.[1-22] ... (annot)
Results printed to /dcs04/lieber/marmaypag/spatialNac_LIBD4125/spatial_NAc/processed-data/19_sLDSC/snRNA_seq/sLDSC_coefficients/DRD1_MSN_D/mdd2019edinburgh_ldscore.out.results
Analysis finished at Mon Jan  5 15:04:36 2026
Total time elapsed: 3.0m:26.5s
*********************************************************************
* LD Score Regression (LDSC)
* Version 1.0.1
* (C) 2014-2019 Brendan Bulik-Sullivan and Hilary Finucane
* Broad Institute of MIT and Harvard / MIT Department of Mathematics
* GNU General Public License v3
*********************************************************************
Call: 
./ldsc.py \
--h2 /dcs04/lieber/shared/statsgen/LDSC/base/gwas_brain/mdd_ex23andMe_ldscore.gz \
--ref-ld-chr /dcs04/lieber/marmaypag/spatialNac_LIBD4125/spatial_NAc/processed-data/19_sLDSC/snRNA_seq/input_files/DRD1_MSN_D/chr.,/dcs04/lieber/shared/statsgen/LDSC/base/baseline2/baselineLD. \
--out /dcs04/lieber/marmaypag/spatialNac_LIBD4125/spatial_NAc/processed-data/19_sLDSC/snRNA_seq/sLDSC_coefficients/DRD1_MSN_D/mdd_ex23andMe_ldscore.out \
--overlap-annot  \
--frqfile-chr /dcs04/lieber/shared/statsgen/LDSC/base/referencefiles/1000G_Phase3_frq/1000G.EUR.QC. \
--w-ld-chr /dcs04/lieber/shared/statsgen/LDSC/base/referencefiles/1000G_Phase3_weights_hm3_no_MHC/weights.hm3_noMHC. \
--print-coefficients  

Beginning analysis at Mon Jan  5 15:04:37 2026
Reading summary statistics from /dcs04/lieber/shared/statsgen/LDSC/base/gwas_brain/mdd_ex23andMe_ldscore.gz ...
Read summary statistics for 1141156 SNPs.
Dropped 11 SNPs with duplicated rs numbers.
Reading reference panel LD Score from /dcs04/lieber/marmaypag/spatialNac_LIBD4125/spatial_NAc/processed-data/19_sLDSC/snRNA_seq/input_files/DRD1_MSN_D/chr.,/dcs04/lieber/shared/statsgen/LDSC/base/baseline2/baselineLD.[1-22] ... (ldscore_fromlist)
Read reference panel LD Scores for 1195563 SNPs.
Removing partitioned LD Scores with zero variance.
Reading regression weight LD Score from /dcs04/lieber/shared/statsgen/LDSC/base/referencefiles/1000G_Phase3_weights_hm3_no_MHC/weights.hm3_noMHC.[1-22] ... (ldscore_fromlist)
Read regression weight LD Scores for 1187349 SNPs.
After merging with reference panel LD, 1141143 SNPs remain.
After merging with regression SNP LD, 1039487 SNPs remain.
Removed 0 SNPs with chi^2 > 156.582 (1039487 SNPs remain)
Total Observed scale h2: 0.0825 (0.0064)
Categories: L2_0 baseL2_1 Coding_UCSCL2_1 Coding_UCSC.flanking.500L2_1 Conserved_LindbladTohL2_1 Conserved_LindbladToh.flanking.500L2_1 CTCF_HoffmanL2_1 CTCF_Hoffman.flanking.500L2_1 DGF_ENCODEL2_1 DGF_ENCODE.flanking.500L2_1 DHS_peaks_TrynkaL2_1 DHS_TrynkaL2_1 DHS_Trynka.flanking.500L2_1 Enhancer_AnderssonL2_1 Enhancer_Andersson.flanking.500L2_1 Enhancer_HoffmanL2_1 Enhancer_Hoffman.flanking.500L2_1 FetalDHS_TrynkaL2_1 FetalDHS_Trynka.flanking.500L2_1 H3K27ac_HniszL2_1 H3K27ac_Hnisz.flanking.500L2_1 H3K27ac_PGC2L2_1 H3K27ac_PGC2.flanking.500L2_1 H3K4me1_peaks_TrynkaL2_1 H3K4me1_TrynkaL2_1 H3K4me1_Trynka.flanking.500L2_1 H3K4me3_peaks_TrynkaL2_1 H3K4me3_TrynkaL2_1 H3K4me3_Trynka.flanking.500L2_1 H3K9ac_peaks_TrynkaL2_1 H3K9ac_TrynkaL2_1 H3K9ac_Trynka.flanking.500L2_1 Intron_UCSCL2_1 Intron_UCSC.flanking.500L2_1 PromoterFlanking_HoffmanL2_1 PromoterFlanking_Hoffman.flanking.500L2_1 Promoter_UCSCL2_1 Promoter_UCSC.flanking.500L2_1 Repressed_HoffmanL2_1 Repressed_Hoffman.flanking.500L2_1 SuperEnhancer_HniszL2_1 SuperEnhancer_Hnisz.flanking.500L2_1 TFBS_ENCODEL2_1 TFBS_ENCODE.flanking.500L2_1 Transcr_HoffmanL2_1 Transcr_Hoffman.flanking.500L2_1 TSS_HoffmanL2_1 TSS_Hoffman.flanking.500L2_1 UTR_3_UCSCL2_1 UTR_3_UCSC.flanking.500L2_1 UTR_5_UCSCL2_1 UTR_5_UCSC.flanking.500L2_1 WeakEnhancer_HoffmanL2_1 WeakEnhancer_Hoffman.flanking.500L2_1 GERP.NSL2_1 GERP.RSsup4L2_1 MAFbin1L2_1 MAFbin2L2_1 MAFbin3L2_1 MAFbin4L2_1 MAFbin5L2_1 MAFbin6L2_1 MAFbin7L2_1 MAFbin8L2_1 MAFbin9L2_1 MAFbin10L2_1 MAF_Adj_Predicted_Allele_AgeL2_1 MAF_Adj_LLD_AFRL2_1 Recomb_Rate_10kbL2_1 Nucleotide_Diversity_10kbL2_1 Backgrd_Selection_StatL2_1 CpG_Content_50kbL2_1 MAF_Adj_ASMCL2_1 GTEx_eQTL_MaxCPPL2_1 BLUEPRINT_H3K27acQTL_MaxCPPL2_1 BLUEPRINT_H3K4me1QTL_MaxCPPL2_1 BLUEPRINT_DNA_methylation_MaxCPPL2_1 synonymousL2_1 non_synonymousL2_1 Conserved_Vertebrate_phastCons46wayL2_1 Conserved_Vertebrate_phastCons46way.flanking.500L2_1 Conserved_Mammal_phastCons46wayL2_1 Conserved_Mammal_phastCons46way.flanking.500L2_1 Conserved_Primate_phastCons46wayL2_1 Conserved_Primate_phastCons46way.flanking.500L2_1 BivFlnkL2_1 BivFlnk.flanking.500L2_1 Human_Promoter_VillarL2_1 Human_Promoter_Villar.flanking.500L2_1 Human_Enhancer_VillarL2_1 Human_Enhancer_Villar.flanking.500L2_1 Ancient_Sequence_Age_Human_PromoterL2_1 Ancient_Sequence_Age_Human_Promoter.flanking.500L2_1 Ancient_Sequence_Age_Human_EnhancerL2_1 Ancient_Sequence_Age_Human_Enhancer.flanking.500L2_1 Human_Enhancer_Villar_Species_Enhancer_CountL2_1 Human_Promoter_Villar_ExACL2_1 Human_Promoter_Villar_ExAC.flanking.500L2_1
Lambda GC: 1.2272
Mean Chi^2: 1.2564
Intercept: 1.0087 (0.0112)
Ratio: 0.0338 (0.0437)
Reading annot matrix from /dcs04/lieber/marmaypag/spatialNac_LIBD4125/spatial_NAc/processed-data/19_sLDSC/snRNA_seq/input_files/DRD1_MSN_D/chr.,/dcs04/lieber/shared/statsgen/LDSC/base/baseline2/baselineLD.[1-22] ... (annot)
Results printed to /dcs04/lieber/marmaypag/spatialNac_LIBD4125/spatial_NAc/processed-data/19_sLDSC/snRNA_seq/sLDSC_coefficients/DRD1_MSN_D/mdd_ex23andMe_ldscore.out.results
Analysis finished at Mon Jan  5 15:07:41 2026
Total time elapsed: 3.0m:3.53s
*********************************************************************
* LD Score Regression (LDSC)
* Version 1.0.1
* (C) 2014-2019 Brendan Bulik-Sullivan and Hilary Finucane
* Broad Institute of MIT and Harvard / MIT Department of Mathematics
* GNU General Public License v3
*********************************************************************
Call: 
./ldsc.py \
--h2 /dcs04/lieber/shared/statsgen/LDSC/base/gwas_brain/OUD_EA_MVP1_Mar12.gz \
--ref-ld-chr /dcs04/lieber/marmaypag/spatialNac_LIBD4125/spatial_NAc/processed-data/19_sLDSC/snRNA_seq/input_files/DRD1_MSN_D/chr.,/dcs04/lieber/shared/statsgen/LDSC/base/baseline2/baselineLD. \
--out /dcs04/lieber/marmaypag/spatialNac_LIBD4125/spatial_NAc/processed-data/19_sLDSC/snRNA_seq/sLDSC_coefficients/DRD1_MSN_D/OUD_EA_MVP1_Mar12.out \
--overlap-annot  \
--frqfile-chr /dcs04/lieber/shared/statsgen/LDSC/base/referencefiles/1000G_Phase3_frq/1000G.EUR.QC. \
--w-ld-chr /dcs04/lieber/shared/statsgen/LDSC/base/referencefiles/1000G_Phase3_weights_hm3_no_MHC/weights.hm3_noMHC. \
--print-coefficients  

Beginning analysis at Mon Jan  5 15:10:37 2026
Reading summary statistics from /dcs04/lieber/shared/statsgen/LDSC/base/gwas_brain/OUD_EA_MVP1_Mar12.gz ...
Read summary statistics for 650698 SNPs.
Reading reference panel LD Score from /dcs04/lieber/marmaypag/spatialNac_LIBD4125/spatial_NAc/processed-data/19_sLDSC/snRNA_seq/input_files/DRD1_MSN_D/chr.,/dcs04/lieber/shared/statsgen/LDSC/base/baseline2/baselineLD.[1-22] ... (ldscore_fromlist)
Read reference panel LD Scores for 1195563 SNPs.
Removing partitioned LD Scores with zero variance.
Reading regression weight LD Score from /dcs04/lieber/shared/statsgen/LDSC/base/referencefiles/1000G_Phase3_weights_hm3_no_MHC/weights.hm3_noMHC.[1-22] ... (ldscore_fromlist)
Read regression weight LD Scores for 1187349 SNPs.
After merging with reference panel LD, 650696 SNPs remain.
After merging with regression SNP LD, 598338 SNPs remain.
Removed 0 SNPs with chi^2 > 80 (598338 SNPs remain)
Total Observed scale h2: 0.1795 (0.0433)
Categories: L2_0 baseL2_1 Coding_UCSCL2_1 Coding_UCSC.flanking.500L2_1 Conserved_LindbladTohL2_1 Conserved_LindbladToh.flanking.500L2_1 CTCF_HoffmanL2_1 CTCF_Hoffman.flanking.500L2_1 DGF_ENCODEL2_1 DGF_ENCODE.flanking.500L2_1 DHS_peaks_TrynkaL2_1 DHS_TrynkaL2_1 DHS_Trynka.flanking.500L2_1 Enhancer_AnderssonL2_1 Enhancer_Andersson.flanking.500L2_1 Enhancer_HoffmanL2_1 Enhancer_Hoffman.flanking.500L2_1 FetalDHS_TrynkaL2_1 FetalDHS_Trynka.flanking.500L2_1 H3K27ac_HniszL2_1 H3K27ac_Hnisz.flanking.500L2_1 H3K27ac_PGC2L2_1 H3K27ac_PGC2.flanking.500L2_1 H3K4me1_peaks_TrynkaL2_1 H3K4me1_TrynkaL2_1 H3K4me1_Trynka.flanking.500L2_1 H3K4me3_peaks_TrynkaL2_1 H3K4me3_TrynkaL2_1 H3K4me3_Trynka.flanking.500L2_1 H3K9ac_peaks_TrynkaL2_1 H3K9ac_TrynkaL2_1 H3K9ac_Trynka.flanking.500L2_1 Intron_UCSCL2_1 Intron_UCSC.flanking.500L2_1 PromoterFlanking_HoffmanL2_1 PromoterFlanking_Hoffman.flanking.500L2_1 Promoter_UCSCL2_1 Promoter_UCSC.flanking.500L2_1 Repressed_HoffmanL2_1 Repressed_Hoffman.flanking.500L2_1 SuperEnhancer_HniszL2_1 SuperEnhancer_Hnisz.flanking.500L2_1 TFBS_ENCODEL2_1 TFBS_ENCODE.flanking.500L2_1 Transcr_HoffmanL2_1 Transcr_Hoffman.flanking.500L2_1 TSS_HoffmanL2_1 TSS_Hoffman.flanking.500L2_1 UTR_3_UCSCL2_1 UTR_3_UCSC.flanking.500L2_1 UTR_5_UCSCL2_1 UTR_5_UCSC.flanking.500L2_1 WeakEnhancer_HoffmanL2_1 WeakEnhancer_Hoffman.flanking.500L2_1 GERP.NSL2_1 GERP.RSsup4L2_1 MAFbin1L2_1 MAFbin2L2_1 MAFbin3L2_1 MAFbin4L2_1 MAFbin5L2_1 MAFbin6L2_1 MAFbin7L2_1 MAFbin8L2_1 MAFbin9L2_1 MAFbin10L2_1 MAF_Adj_Predicted_Allele_AgeL2_1 MAF_Adj_LLD_AFRL2_1 Recomb_Rate_10kbL2_1 Nucleotide_Diversity_10kbL2_1 Backgrd_Selection_StatL2_1 CpG_Content_50kbL2_1 MAF_Adj_ASMCL2_1 GTEx_eQTL_MaxCPPL2_1 BLUEPRINT_H3K27acQTL_MaxCPPL2_1 BLUEPRINT_H3K4me1QTL_MaxCPPL2_1 BLUEPRINT_DNA_methylation_MaxCPPL2_1 synonymousL2_1 non_synonymousL2_1 Conserved_Vertebrate_phastCons46wayL2_1 Conserved_Vertebrate_phastCons46way.flanking.500L2_1 Conserved_Mammal_phastCons46wayL2_1 Conserved_Mammal_phastCons46way.flanking.500L2_1 Conserved_Primate_phastCons46wayL2_1 Conserved_Primate_phastCons46way.flanking.500L2_1 BivFlnkL2_1 BivFlnk.flanking.500L2_1 Human_Promoter_VillarL2_1 Human_Promoter_Villar.flanking.500L2_1 Human_Enhancer_VillarL2_1 Human_Enhancer_Villar.flanking.500L2_1 Ancient_Sequence_Age_Human_PromoterL2_1 Ancient_Sequence_Age_Human_Promoter.flanking.500L2_1 Ancient_Sequence_Age_Human_EnhancerL2_1 Ancient_Sequence_Age_Human_Enhancer.flanking.500L2_1 Human_Enhancer_Villar_Species_Enhancer_CountL2_1 Human_Promoter_Villar_ExACL2_1 Human_Promoter_Villar_ExAC.flanking.500L2_1
Lambda GC: 1.0835
Mean Chi^2: 1.0895
Intercept: 1.0145 (0.0113)
Ratio: 0.1618 (0.1267)
Reading annot matrix from /dcs04/lieber/marmaypag/spatialNac_LIBD4125/spatial_NAc/processed-data/19_sLDSC/snRNA_seq/input_files/DRD1_MSN_D/chr.,/dcs04/lieber/shared/statsgen/LDSC/base/baseline2/baselineLD.[1-22] ... (annot)
Results printed to /dcs04/lieber/marmaypag/spatialNac_LIBD4125/spatial_NAc/processed-data/19_sLDSC/snRNA_seq/sLDSC_coefficients/DRD1_MSN_D/OUD_EA_MVP1_Mar12.out.results
Analysis finished at Mon Jan  5 15:14:03 2026
Total time elapsed: 3.0m:25.7s
*********************************************************************
* LD Score Regression (LDSC)
* Version 1.0.1
* (C) 2014-2019 Brendan Bulik-Sullivan and Hilary Finucane
* Broad Institute of MIT and Harvard / MIT Department of Mathematics
* GNU General Public License v3
*********************************************************************
Call: 
./ldsc.py \
--h2 /dcs04/lieber/shared/statsgen/LDSC/base/gwas_brain/smoking_ldscore.gz \
--ref-ld-chr /dcs04/lieber/marmaypag/spatialNac_LIBD4125/spatial_NAc/processed-data/19_sLDSC/snRNA_seq/input_files/DRD1_MSN_D/chr.,/dcs04/lieber/shared/statsgen/LDSC/base/baseline2/baselineLD. \
--out /dcs04/lieber/marmaypag/spatialNac_LIBD4125/spatial_NAc/processed-data/19_sLDSC/snRNA_seq/sLDSC_coefficients/DRD1_MSN_D/smoking_ldscore.out \
--overlap-annot  \
--frqfile-chr /dcs04/lieber/shared/statsgen/LDSC/base/referencefiles/1000G_Phase3_frq/1000G.EUR.QC. \
--w-ld-chr /dcs04/lieber/shared/statsgen/LDSC/base/referencefiles/1000G_Phase3_weights_hm3_no_MHC/weights.hm3_noMHC. \
--print-coefficients  

Beginning analysis at Mon Jan  5 15:21:07 2026
Reading summary statistics from /dcs04/lieber/shared/statsgen/LDSC/base/gwas_brain/smoking_ldscore.gz ...
Read summary statistics for 1161927 SNPs.
Reading reference panel LD Score from /dcs04/lieber/marmaypag/spatialNac_LIBD4125/spatial_NAc/processed-data/19_sLDSC/snRNA_seq/input_files/DRD1_MSN_D/chr.,/dcs04/lieber/shared/statsgen/LDSC/base/baseline2/baselineLD.[1-22] ... (ldscore_fromlist)
Read reference panel LD Scores for 1195563 SNPs.
Removing partitioned LD Scores with zero variance.
Reading regression weight LD Score from /dcs04/lieber/shared/statsgen/LDSC/base/referencefiles/1000G_Phase3_weights_hm3_no_MHC/weights.hm3_noMHC.[1-22] ... (ldscore_fromlist)
Read regression weight LD Scores for 1187349 SNPs.
After merging with reference panel LD, 1161924 SNPs remain.
After merging with regression SNP LD, 1064172 SNPs remain.
Removed 50 SNPs with chi^2 > 263.954 (1064122 SNPs remain)
Total Observed scale h2: 0.0699 (0.0057)
Categories: L2_0 baseL2_1 Coding_UCSCL2_1 Coding_UCSC.flanking.500L2_1 Conserved_LindbladTohL2_1 Conserved_LindbladToh.flanking.500L2_1 CTCF_HoffmanL2_1 CTCF_Hoffman.flanking.500L2_1 DGF_ENCODEL2_1 DGF_ENCODE.flanking.500L2_1 DHS_peaks_TrynkaL2_1 DHS_TrynkaL2_1 DHS_Trynka.flanking.500L2_1 Enhancer_AnderssonL2_1 Enhancer_Andersson.flanking.500L2_1 Enhancer_HoffmanL2_1 Enhancer_Hoffman.flanking.500L2_1 FetalDHS_TrynkaL2_1 FetalDHS_Trynka.flanking.500L2_1 H3K27ac_HniszL2_1 H3K27ac_Hnisz.flanking.500L2_1 H3K27ac_PGC2L2_1 H3K27ac_PGC2.flanking.500L2_1 H3K4me1_peaks_TrynkaL2_1 H3K4me1_TrynkaL2_1 H3K4me1_Trynka.flanking.500L2_1 H3K4me3_peaks_TrynkaL2_1 H3K4me3_TrynkaL2_1 H3K4me3_Trynka.flanking.500L2_1 H3K9ac_peaks_TrynkaL2_1 H3K9ac_TrynkaL2_1 H3K9ac_Trynka.flanking.500L2_1 Intron_UCSCL2_1 Intron_UCSC.flanking.500L2_1 PromoterFlanking_HoffmanL2_1 PromoterFlanking_Hoffman.flanking.500L2_1 Promoter_UCSCL2_1 Promoter_UCSC.flanking.500L2_1 Repressed_HoffmanL2_1 Repressed_Hoffman.flanking.500L2_1 SuperEnhancer_HniszL2_1 SuperEnhancer_Hnisz.flanking.500L2_1 TFBS_ENCODEL2_1 TFBS_ENCODE.flanking.500L2_1 Transcr_HoffmanL2_1 Transcr_Hoffman.flanking.500L2_1 TSS_HoffmanL2_1 TSS_Hoffman.flanking.500L2_1 UTR_3_UCSCL2_1 UTR_3_UCSC.flanking.500L2_1 UTR_5_UCSCL2_1 UTR_5_UCSC.flanking.500L2_1 WeakEnhancer_HoffmanL2_1 WeakEnhancer_Hoffman.flanking.500L2_1 GERP.NSL2_1 GERP.RSsup4L2_1 MAFbin1L2_1 MAFbin2L2_1 MAFbin3L2_1 MAFbin4L2_1 MAFbin5L2_1 MAFbin6L2_1 MAFbin7L2_1 MAFbin8L2_1 MAFbin9L2_1 MAFbin10L2_1 MAF_Adj_Predicted_Allele_AgeL2_1 MAF_Adj_LLD_AFRL2_1 Recomb_Rate_10kbL2_1 Nucleotide_Diversity_10kbL2_1 Backgrd_Selection_StatL2_1 CpG_Content_50kbL2_1 MAF_Adj_ASMCL2_1 GTEx_eQTL_MaxCPPL2_1 BLUEPRINT_H3K27acQTL_MaxCPPL2_1 BLUEPRINT_H3K4me1QTL_MaxCPPL2_1 BLUEPRINT_DNA_methylation_MaxCPPL2_1 synonymousL2_1 non_synonymousL2_1 Conserved_Vertebrate_phastCons46wayL2_1 Conserved_Vertebrate_phastCons46way.flanking.500L2_1 Conserved_Mammal_phastCons46wayL2_1 Conserved_Mammal_phastCons46way.flanking.500L2_1 Conserved_Primate_phastCons46wayL2_1 Conserved_Primate_phastCons46way.flanking.500L2_1 BivFlnkL2_1 BivFlnk.flanking.500L2_1 Human_Promoter_VillarL2_1 Human_Promoter_Villar.flanking.500L2_1 Human_Enhancer_VillarL2_1 Human_Enhancer_Villar.flanking.500L2_1 Ancient_Sequence_Age_Human_PromoterL2_1 Ancient_Sequence_Age_Human_Promoter.flanking.500L2_1 Ancient_Sequence_Age_Human_EnhancerL2_1 Ancient_Sequence_Age_Human_Enhancer.flanking.500L2_1 Human_Enhancer_Villar_Species_Enhancer_CountL2_1 Human_Promoter_Villar_ExACL2_1 Human_Promoter_Villar_ExAC.flanking.500L2_1
Lambda GC: 1.2208
Mean Chi^2: 1.3065
Intercept: 0.9591 (0.011)
Ratio < 0 (usually indicates GC correction).
Reading annot matrix from /dcs04/lieber/marmaypag/spatialNac_LIBD4125/spatial_NAc/processed-data/19_sLDSC/snRNA_seq/input_files/DRD1_MSN_D/chr.,/dcs04/lieber/shared/statsgen/LDSC/base/baseline2/baselineLD.[1-22] ... (annot)
Results printed to /dcs04/lieber/marmaypag/spatialNac_LIBD4125/spatial_NAc/processed-data/19_sLDSC/snRNA_seq/sLDSC_coefficients/DRD1_MSN_D/smoking_ldscore.out.results
Analysis finished at Mon Jan  5 15:23:57 2026
Total time elapsed: 2.0m:50.22s
*********************************************************************
* LD Score Regression (LDSC)
* Version 1.0.1
* (C) 2014-2019 Brendan Bulik-Sullivan and Hilary Finucane
* Broad Institute of MIT and Harvard / MIT Department of Mathematics
* GNU General Public License v3
*********************************************************************
Call: 
./ldsc.py \
--h2 /dcs04/lieber/shared/statsgen/LDSC/base/gwas_brain/stroke2022any.gz \
--ref-ld-chr /dcs04/lieber/marmaypag/spatialNac_LIBD4125/spatial_NAc/processed-data/19_sLDSC/snRNA_seq/input_files/DRD1_MSN_D/chr.,/dcs04/lieber/shared/statsgen/LDSC/base/baseline2/baselineLD. \
--out /dcs04/lieber/marmaypag/spatialNac_LIBD4125/spatial_NAc/processed-data/19_sLDSC/snRNA_seq/sLDSC_coefficients/DRD1_MSN_D/stroke2022any.out \
--overlap-annot  \
--frqfile-chr /dcs04/lieber/shared/statsgen/LDSC/base/referencefiles/1000G_Phase3_frq/1000G.EUR.QC. \
--w-ld-chr /dcs04/lieber/shared/statsgen/LDSC/base/referencefiles/1000G_Phase3_weights_hm3_no_MHC/weights.hm3_noMHC. \
--print-coefficients  

Beginning analysis at Mon Jan  5 15:23:58 2026
Reading summary statistics from /dcs04/lieber/shared/statsgen/LDSC/base/gwas_brain/stroke2022any.gz ...
Read summary statistics for 1158042 SNPs.
Reading reference panel LD Score from /dcs04/lieber/marmaypag/spatialNac_LIBD4125/spatial_NAc/processed-data/19_sLDSC/snRNA_seq/input_files/DRD1_MSN_D/chr.,/dcs04/lieber/shared/statsgen/LDSC/base/baseline2/baselineLD.[1-22] ... (ldscore_fromlist)
Read reference panel LD Scores for 1195563 SNPs.
Removing partitioned LD Scores with zero variance.
Reading regression weight LD Score from /dcs04/lieber/shared/statsgen/LDSC/base/referencefiles/1000G_Phase3_weights_hm3_no_MHC/weights.hm3_noMHC.[1-22] ... (ldscore_fromlist)
Read regression weight LD Scores for 1187349 SNPs.
After merging with reference panel LD, 1158039 SNPs remain.
After merging with regression SNP LD, 1062454 SNPs remain.
Removed 0 SNPs with chi^2 > 278.024 (1062454 SNPs remain)
Total Observed scale h2: 0.032 (0.0032)
Categories: L2_0 baseL2_1 Coding_UCSCL2_1 Coding_UCSC.flanking.500L2_1 Conserved_LindbladTohL2_1 Conserved_LindbladToh.flanking.500L2_1 CTCF_HoffmanL2_1 CTCF_Hoffman.flanking.500L2_1 DGF_ENCODEL2_1 DGF_ENCODE.flanking.500L2_1 DHS_peaks_TrynkaL2_1 DHS_TrynkaL2_1 DHS_Trynka.flanking.500L2_1 Enhancer_AnderssonL2_1 Enhancer_Andersson.flanking.500L2_1 Enhancer_HoffmanL2_1 Enhancer_Hoffman.flanking.500L2_1 FetalDHS_TrynkaL2_1 FetalDHS_Trynka.flanking.500L2_1 H3K27ac_HniszL2_1 H3K27ac_Hnisz.flanking.500L2_1 H3K27ac_PGC2L2_1 H3K27ac_PGC2.flanking.500L2_1 H3K4me1_peaks_TrynkaL2_1 H3K4me1_TrynkaL2_1 H3K4me1_Trynka.flanking.500L2_1 H3K4me3_peaks_TrynkaL2_1 H3K4me3_TrynkaL2_1 H3K4me3_Trynka.flanking.500L2_1 H3K9ac_peaks_TrynkaL2_1 H3K9ac_TrynkaL2_1 H3K9ac_Trynka.flanking.500L2_1 Intron_UCSCL2_1 Intron_UCSC.flanking.500L2_1 PromoterFlanking_HoffmanL2_1 PromoterFlanking_Hoffman.flanking.500L2_1 Promoter_UCSCL2_1 Promoter_UCSC.flanking.500L2_1 Repressed_HoffmanL2_1 Repressed_Hoffman.flanking.500L2_1 SuperEnhancer_HniszL2_1 SuperEnhancer_Hnisz.flanking.500L2_1 TFBS_ENCODEL2_1 TFBS_ENCODE.flanking.500L2_1 Transcr_HoffmanL2_1 Transcr_Hoffman.flanking.500L2_1 TSS_HoffmanL2_1 TSS_Hoffman.flanking.500L2_1 UTR_3_UCSCL2_1 UTR_3_UCSC.flanking.500L2_1 UTR_5_UCSCL2_1 UTR_5_UCSC.flanking.500L2_1 WeakEnhancer_HoffmanL2_1 WeakEnhancer_Hoffman.flanking.500L2_1 GERP.NSL2_1 GERP.RSsup4L2_1 MAFbin1L2_1 MAFbin2L2_1 MAFbin3L2_1 MAFbin4L2_1 MAFbin5L2_1 MAFbin6L2_1 MAFbin7L2_1 MAFbin8L2_1 MAFbin9L2_1 MAFbin10L2_1 MAF_Adj_Predicted_Allele_AgeL2_1 MAF_Adj_LLD_AFRL2_1 Recomb_Rate_10kbL2_1 Nucleotide_Diversity_10kbL2_1 Backgrd_Selection_StatL2_1 CpG_Content_50kbL2_1 MAF_Adj_ASMCL2_1 GTEx_eQTL_MaxCPPL2_1 BLUEPRINT_H3K27acQTL_MaxCPPL2_1 BLUEPRINT_H3K4me1QTL_MaxCPPL2_1 BLUEPRINT_DNA_methylation_MaxCPPL2_1 synonymousL2_1 non_synonymousL2_1 Conserved_Vertebrate_phastCons46wayL2_1 Conserved_Vertebrate_phastCons46way.flanking.500L2_1 Conserved_Mammal_phastCons46wayL2_1 Conserved_Mammal_phastCons46way.flanking.500L2_1 Conserved_Primate_phastCons46wayL2_1 Conserved_Primate_phastCons46way.flanking.500L2_1 BivFlnkL2_1 BivFlnk.flanking.500L2_1 Human_Promoter_VillarL2_1 Human_Promoter_Villar.flanking.500L2_1 Human_Enhancer_VillarL2_1 Human_Enhancer_Villar.flanking.500L2_1 Ancient_Sequence_Age_Human_PromoterL2_1 Ancient_Sequence_Age_Human_Promoter.flanking.500L2_1 Ancient_Sequence_Age_Human_EnhancerL2_1 Ancient_Sequence_Age_Human_Enhancer.flanking.500L2_1 Human_Enhancer_Villar_Species_Enhancer_CountL2_1 Human_Promoter_Villar_ExACL2_1 Human_Promoter_Villar_ExAC.flanking.500L2_1
Lambda GC: 1.1866
Mean Chi^2: 1.2287
Intercept: 1.0686 (0.0091)
Ratio: 0.3001 (0.0398)
Reading annot matrix from /dcs04/lieber/marmaypag/spatialNac_LIBD4125/spatial_NAc/processed-data/19_sLDSC/snRNA_seq/input_files/DRD1_MSN_D/chr.,/dcs04/lieber/shared/statsgen/LDSC/base/baseline2/baselineLD.[1-22] ... (annot)
Results printed to /dcs04/lieber/marmaypag/spatialNac_LIBD4125/spatial_NAc/processed-data/19_sLDSC/snRNA_seq/sLDSC_coefficients/DRD1_MSN_D/stroke2022any.out.results
Analysis finished at Mon Jan  5 15:26:47 2026
Total time elapsed: 2.0m:49.58s
*********************************************************************
* LD Score Regression (LDSC)
* Version 1.0.1
* (C) 2014-2019 Brendan Bulik-Sullivan and Hilary Finucane
* Broad Institute of MIT and Harvard / MIT Department of Mathematics
* GNU General Public License v3
*********************************************************************
Call: 
./ldsc.py \
--h2 /dcs04/lieber/shared/statsgen/LDSC/base/gwas_brain/UKB_460K.mental_NEUROTICISM.sumstats.gz \
--ref-ld-chr /dcs04/lieber/marmaypag/spatialNac_LIBD4125/spatial_NAc/processed-data/19_sLDSC/snRNA_seq/input_files/DRD1_MSN_D/chr.,/dcs04/lieber/shared/statsgen/LDSC/base/baseline2/baselineLD. \
--out /dcs04/lieber/marmaypag/spatialNac_LIBD4125/spatial_NAc/processed-data/19_sLDSC/snRNA_seq/sLDSC_coefficients/DRD1_MSN_D/UKB_460K.mental_NEUROTICISM.sumstats.out \
--overlap-annot  \
--frqfile-chr /dcs04/lieber/shared/statsgen/LDSC/base/referencefiles/1000G_Phase3_frq/1000G.EUR.QC. \
--w-ld-chr /dcs04/lieber/shared/statsgen/LDSC/base/referencefiles/1000G_Phase3_weights_hm3_no_MHC/weights.hm3_noMHC. \
--print-coefficients  

Beginning analysis at Mon Jan  5 15:27:46 2026
Reading summary statistics from /dcs04/lieber/shared/statsgen/LDSC/base/gwas_brain/UKB_460K.mental_NEUROTICISM.sumstats.gz ...
Read summary statistics for 1187056 SNPs.
Reading reference panel LD Score from /dcs04/lieber/marmaypag/spatialNac_LIBD4125/spatial_NAc/processed-data/19_sLDSC/snRNA_seq/input_files/DRD1_MSN_D/chr.,/dcs04/lieber/shared/statsgen/LDSC/base/baseline2/baselineLD.[1-22] ... (ldscore_fromlist)
Read reference panel LD Scores for 1195563 SNPs.
Removing partitioned LD Scores with zero variance.
Reading regression weight LD Score from /dcs04/lieber/shared/statsgen/LDSC/base/referencefiles/1000G_Phase3_weights_hm3_no_MHC/weights.hm3_noMHC.[1-22] ... (ldscore_fromlist)
Read regression weight LD Scores for 1187349 SNPs.
After merging with reference panel LD, 1079390 SNPs remain.
After merging with regression SNP LD, 1079390 SNPs remain.
Removed 0 SNPs with chi^2 > 372.066 (1079390 SNPs remain)
Total Observed scale h2: 0.1137 (0.0039)
Categories: L2_0 baseL2_1 Coding_UCSCL2_1 Coding_UCSC.flanking.500L2_1 Conserved_LindbladTohL2_1 Conserved_LindbladToh.flanking.500L2_1 CTCF_HoffmanL2_1 CTCF_Hoffman.flanking.500L2_1 DGF_ENCODEL2_1 DGF_ENCODE.flanking.500L2_1 DHS_peaks_TrynkaL2_1 DHS_TrynkaL2_1 DHS_Trynka.flanking.500L2_1 Enhancer_AnderssonL2_1 Enhancer_Andersson.flanking.500L2_1 Enhancer_HoffmanL2_1 Enhancer_Hoffman.flanking.500L2_1 FetalDHS_TrynkaL2_1 FetalDHS_Trynka.flanking.500L2_1 H3K27ac_HniszL2_1 H3K27ac_Hnisz.flanking.500L2_1 H3K27ac_PGC2L2_1 H3K27ac_PGC2.flanking.500L2_1 H3K4me1_peaks_TrynkaL2_1 H3K4me1_TrynkaL2_1 H3K4me1_Trynka.flanking.500L2_1 H3K4me3_peaks_TrynkaL2_1 H3K4me3_TrynkaL2_1 H3K4me3_Trynka.flanking.500L2_1 H3K9ac_peaks_TrynkaL2_1 H3K9ac_TrynkaL2_1 H3K9ac_Trynka.flanking.500L2_1 Intron_UCSCL2_1 Intron_UCSC.flanking.500L2_1 PromoterFlanking_HoffmanL2_1 PromoterFlanking_Hoffman.flanking.500L2_1 Promoter_UCSCL2_1 Promoter_UCSC.flanking.500L2_1 Repressed_HoffmanL2_1 Repressed_Hoffman.flanking.500L2_1 SuperEnhancer_HniszL2_1 SuperEnhancer_Hnisz.flanking.500L2_1 TFBS_ENCODEL2_1 TFBS_ENCODE.flanking.500L2_1 Transcr_HoffmanL2_1 Transcr_Hoffman.flanking.500L2_1 TSS_HoffmanL2_1 TSS_Hoffman.flanking.500L2_1 UTR_3_UCSCL2_1 UTR_3_UCSC.flanking.500L2_1 UTR_5_UCSCL2_1 UTR_5_UCSC.flanking.500L2_1 WeakEnhancer_HoffmanL2_1 WeakEnhancer_Hoffman.flanking.500L2_1 GERP.NSL2_1 GERP.RSsup4L2_1 MAFbin1L2_1 MAFbin2L2_1 MAFbin3L2_1 MAFbin4L2_1 MAFbin5L2_1 MAFbin6L2_1 MAFbin7L2_1 MAFbin8L2_1 MAFbin9L2_1 MAFbin10L2_1 MAF_Adj_Predicted_Allele_AgeL2_1 MAF_Adj_LLD_AFRL2_1 Recomb_Rate_10kbL2_1 Nucleotide_Diversity_10kbL2_1 Backgrd_Selection_StatL2_1 CpG_Content_50kbL2_1 MAF_Adj_ASMCL2_1 GTEx_eQTL_MaxCPPL2_1 BLUEPRINT_H3K27acQTL_MaxCPPL2_1 BLUEPRINT_H3K4me1QTL_MaxCPPL2_1 BLUEPRINT_DNA_methylation_MaxCPPL2_1 synonymousL2_1 non_synonymousL2_1 Conserved_Vertebrate_phastCons46wayL2_1 Conserved_Vertebrate_phastCons46way.flanking.500L2_1 Conserved_Mammal_phastCons46wayL2_1 Conserved_Mammal_phastCons46way.flanking.500L2_1 Conserved_Primate_phastCons46wayL2_1 Conserved_Primate_phastCons46way.flanking.500L2_1 BivFlnkL2_1 BivFlnk.flanking.500L2_1 Human_Promoter_VillarL2_1 Human_Promoter_Villar.flanking.500L2_1 Human_Enhancer_VillarL2_1 Human_Enhancer_Villar.flanking.500L2_1 Ancient_Sequence_Age_Human_PromoterL2_1 Ancient_Sequence_Age_Human_Promoter.flanking.500L2_1 Ancient_Sequence_Age_Human_EnhancerL2_1 Ancient_Sequence_Age_Human_Enhancer.flanking.500L2_1 Human_Enhancer_Villar_Species_Enhancer_CountL2_1 Human_Promoter_Villar_ExACL2_1 Human_Promoter_Villar_ExAC.flanking.500L2_1
Lambda GC: 1.6266
Mean Chi^2: 1.8516
Intercept: 1.0702 (0.012)
Ratio: 0.0824 (0.0141)
Reading annot matrix from /dcs04/lieber/marmaypag/spatialNac_LIBD4125/spatial_NAc/processed-data/19_sLDSC/snRNA_seq/input_files/DRD1_MSN_D/chr.,/dcs04/lieber/shared/statsgen/LDSC/base/baseline2/baselineLD.[1-22] ... (annot)
Results printed to /dcs04/lieber/marmaypag/spatialNac_LIBD4125/spatial_NAc/processed-data/19_sLDSC/snRNA_seq/sLDSC_coefficients/DRD1_MSN_D/UKB_460K.mental_NEUROTICISM.sumstats.out.results
Analysis finished at Mon Jan  5 15:30:29 2026
Total time elapsed: 2.0m:42.83s
**** Job ends ****
Mon Jan  5 03:30:30 PM EST 2026
