********* Job Starts *********
Fri Feb 13 01:37:30 PM EST 2026
Loading LIBD SLURM module for r_nac/1.0
Loading required package: SummarizedExperiment
Loading required package: MatrixGenerics
Loading required package: matrixStats

Attaching package: ‘MatrixGenerics’

The following objects are masked from ‘package:matrixStats’:

    colAlls, colAnyNAs, colAnys, colAvgsPerRowSet, colCollapse,
    colCounts, colCummaxs, colCummins, colCumprods, colCumsums,
    colDiffs, colIQRDiffs, colIQRs, colLogSumExps, colMadDiffs,
    colMads, colMaxs, colMeans2, colMedians, colMins, colOrderStats,
    colProds, colQuantiles, colRanges, colRanks, colSdDiffs, colSds,
    colSums2, colTabulates, colVarDiffs, colVars, colWeightedMads,
    colWeightedMeans, colWeightedMedians, colWeightedSds,
    colWeightedVars, rowAlls, rowAnyNAs, rowAnys, rowAvgsPerColSet,
    rowCollapse, rowCounts, rowCummaxs, rowCummins, rowCumprods,
    rowCumsums, rowDiffs, rowIQRDiffs, rowIQRs, rowLogSumExps,
    rowMadDiffs, rowMads, rowMaxs, rowMeans2, rowMedians, rowMins,
    rowOrderStats, rowProds, rowQuantiles, rowRanges, rowRanks,
    rowSdDiffs, rowSds, rowSums2, rowTabulates, rowVarDiffs, rowVars,
    rowWeightedMads, rowWeightedMeans, rowWeightedMedians,
    rowWeightedSds, rowWeightedVars

Loading required package: GenomicRanges
Loading required package: stats4
Loading required package: BiocGenerics

Attaching package: ‘BiocGenerics’

The following objects are masked from ‘package:stats’:

    IQR, mad, sd, var, xtabs

The following objects are masked from ‘package:base’:

    anyDuplicated, aperm, append, as.data.frame, basename, cbind,
    colnames, dirname, do.call, duplicated, eval, evalq, Filter, Find,
    get, grep, grepl, intersect, is.unsorted, lapply, Map, mapply,
    match, mget, order, paste, pmax, pmax.int, pmin, pmin.int,
    Position, rank, rbind, Reduce, rownames, sapply, setdiff, sort,
    table, tapply, union, unique, unsplit, which.max, which.min

Loading required package: S4Vectors

Attaching package: ‘S4Vectors’

The following object is masked from ‘package:utils’:

    findMatches

The following objects are masked from ‘package:base’:

    expand.grid, I, unname

Loading required package: IRanges
Loading required package: GenomeInfoDb
Loading required package: Biobase
Welcome to Bioconductor

    Vignettes contain introductory material; view with
    'browseVignettes()'. To cite Bioconductor, see
    'citation("Biobase")', and for packages 'citation("pkgname")'.


Attaching package: ‘Biobase’

The following object is masked from ‘package:MatrixGenerics’:

    rowMedians

The following objects are masked from ‘package:matrixStats’:

    anyMissing, rowMedians

Loading required package: SeuratObject
Loading required package: sp

Attaching package: ‘sp’

The following object is masked from ‘package:IRanges’:

    %over%


Attaching package: ‘SeuratObject’

The following object is masked from ‘package:SummarizedExperiment’:

    Assays

The following object is masked from ‘package:GenomicRanges’:

    intersect

The following object is masked from ‘package:GenomeInfoDb’:

    intersect

The following object is masked from ‘package:IRanges’:

    intersect

The following object is masked from ‘package:S4Vectors’:

    intersect

The following object is masked from ‘package:BiocGenerics’:

    intersect

The following object is masked from ‘package:base’:

    intersect


Attaching package: ‘Seurat’

The following object is masked from ‘package:SummarizedExperiment’:

    Assays

here() starts at /dcs04/lieber/marmaypag/spatialNac_LIBD4125/spatial_NAc
class: SingleCellExperiment 
dim: 36601 103785 
metadata(1): Samples
assays(2): counts logcounts
rownames(36601): ENSG00000243485 ENSG00000237613 ... ENSG00000278817
  ENSG00000277196
rowData names(7): source type ... gene_type binomial_deviance
colnames(103785): 1_AAACCCAAGACCAACG-1 1_AAACCCACAGTCAGCC-1 ...
  20_TTTGTTGCAAGATGTA-1 20_TTTGTTGGTACGAAAT-1
colData names(41): Sample Barcode ... sizeFactor CellType.Final
reducedDimNames(4): GLMPCA_approx tSNE HARMONY tSNE_HARMONY
mainExpName: NULL
altExpNames(0):
class: SingleCellExperiment 
dim: 34977 103339 
metadata(1): Samples
assays(2): counts logcounts
rownames(34977): MIR1302-2HG OR4F5 ... AC007325.4 AC007325.2
rowData names(8): source type ... binomial_deviance Symbol.uniq
colnames(103339): 1_AAACCCAAGACCAACG-1 1_AAACCCACAGTCAGCC-1 ...
  20_TTTGTTGCAAGATGTA-1 20_TTTGTTGGTACGAAAT-1
colData names(41): Sample Barcode ... sizeFactor CellType.Final
reducedDimNames(4): GLMPCA_approx tSNE HARMONY tSNE_HARMONY
mainExpName: NULL
altExpNames(0):
Warning: Feature names cannot have underscores ('_'), replacing with dashes ('-')
Warning: Feature names cannot have underscores ('_'), replacing with dashes ('-')
Warning: Feature names cannot have underscores ('_'), replacing with dashes ('-')
Warning: Keys should be one or more alphanumeric characters followed by an underscore, setting key from PC to PC_
Warning: Keys should be one or more alphanumeric characters followed by an underscore, setting key from TSNE to TSNE_
Warning: Keys should be one or more alphanumeric characters followed by an underscore, setting key from TSNE to TSNE_
Warning message:
Key ‘TSNE_’ taken, using ‘tsneharmony_’ instead 
[1] "originalexp"
Calculating gene variances
0%   10   20   30   40   50   60   70   80   90   100%
[----|----|----|----|----|----|----|----|----|----|
**************************************************|
Calculating feature variances of standardized and clipped values
0%   10   20   30   40   50   60   70   80   90   100%
[----|----|----|----|----|----|----|----|----|----|
**************************************************|
Centering and scaling data matrix
  |                                                                              |                                                                      |   0%  |                                                                              |===================================                                   |  50%  |                                                                              |======================================================================| 100%
PC_ 1 
Positive:  GALNTL6, ROBO2, NRG1, HOMER1, GABRG2, NETO1, OLFM3, GABRG3, ERC2, PCP4 
	   ZNF804A, PCDH11X, DACH1, CNTNAP5, RAB3C, CNTN4, HTR1E, RGS7BP, NNAT, AC092422.1 
	   HS6ST2, SH3RF2, LINC01117, HS6ST3, ADAMTS19, LINGO2, CDH18, KIAA1217, AC013287.1, LINC02755 
Negative:  SLC1A3, NFIA, CDH20, FBXL7, PTGDS, NEAT1, TCF4, GRAMD2B, MAML2, PON2 
	   CECR2, ITPR2, PLPP3, LRIG1, ZEB2, OBI1-AS1, ATP1A2, NFIB, SPARCL1, SOX5 
	   GAB1, TMTC2, BMPR1B, NHSL1, ITPKB, SLC1A2, EFEMP1, APOE, AQP4, FGFR3 
PC_ 2 
Positive:  RBMS3, NTRK2, NKAIN3, ADCY2, SOX5, ADGRV1, SLC1A2, FARP1, DDAH1, BMPR1B 
	   DNAH7, GLIS3, OBI1-AS1, MGAT4C, STK33, ANKFN1, EFEMP1, RFX4, AC002429.2, ATP1A2 
	   PTPRZ1, FAM155A, DPP10, CABLES1, NHSL1, LINC00299, SLC35F1, ACOT11, RANBP3L, TRPM3 
Negative:  CTNNA3, MBP, ST18, ENPP2, MOBP, PLP1, RNF220, LPAR1, LINC01608, TMEM144 
	   MOG, CERCAM, UGT8, CLDN11, TF, CLMN, KCNH8, AC012494.1, FOLH1, SLCO1A2 
	   FA2H, LINC00639, BCAS1, OPALIN, ZNF536, CNDP1, DOCK5, FAM107B, HHIP, ABCA8 
PC_ 3 
Positive:  DOCK8, ADAM28, APBB1IP, INPP5D, FYB1, TBXAS1, CSF1R, SYK, ARHGAP15, C3 
	   PTPRC, CSF2RA, P2RY12, LINC01374, BLNK, SLCO2B1, CX3CR1, ST6GAL1, LY86, LPAR6 
	   LYN, FLI1, CD74, PIK3R5, SAMSN1, WDFY4, IKZF1, LNCAROD, RBM47, RHBDF2 
Negative:  ERBB4, PTPRD, SOX2-OT, LRP1B, PDE1C, EDIL3, ASTN2, DMD, TMTC2, PTPRK 
	   PEX5L, ANO4, C10orf90, CDH20, FBXL7, ZNF536, KCNH8, ST18, RNF220, BCAS1 
	   CREB5, MEGF10, CNTNAP4, COL4A5, CTNNA3, ENPP2, MOBP, NTRK2, MIR181A1HG, CLMN 
PC_ 4 
Positive:  NXPH1, PCDH15, SLC44A5, ELAVL2, GRIK1, SEZ6L, KCNC2, FXYD6, PPM1E, TNR 
	   CDH13, CA10, OPCML, ELAVL4, NCALD, LUZP2, FAM155A, AL445623.2, XYLT1, TAFA2 
	   SEMA5A, PRKG2, KCNJ3, LHX6, KCNMB2, CUX2, PDZRN4, KIAA1211, GABBR2, PLCB4 
Negative:  EYA1, CA12, AP003464.1, LINC00598, SH3RF2, CALB1, LINC01117, LPL, ADAMTS19, LINC02137 
	   ABI3BP, RGS6, CFAP54, SMOC2, MGAT4C, RFX4, AGBL1, PCP4, ADGRV1, OBI1-AS1 
	   AC002429.2, SERPINI2, DCDC1, SCIN, ID4, AC068875.1, AQP4, GLI3, NNAT, ETNPPL 
PC_ 5 
Positive:  AC002429.2, LINC00299, CABLES1, C1orf61, ETNPPL, SLC1A2, RBMS3, NKAIN3, OBI1-AS1, HIF3A 
	   WIF1, MRVI1, MGAT4C, FGFR3, RHOJ, ACSBG1, GNA14, SLCO1C1, RORB, NHSL1 
	   ATP13A4, AC091826.2, EDNRB, SLC25A18, SPARCL1, AC068308.1, AC099792.1, APOE, AC114971.1, CA8 
Negative:  ADGB, CFAP299, DTHD1, CFAP157, AC020718.1, AC019330.1, CFAP73, AC013470.2, TTC29, TTC6 
	   LINC02055, TEKT1, WDR63, CROCC2, DNAH11, MAP3K19, VWA3B, TCTEX1D1, DNAH3, DNAI2 
	   DNAH12, SLC47A2, AL357093.2, LMNTD1, SPATA18, CFAP45, VWA5B1, AC093689.1, CFAP52, SPAG17 
Warning message:
Key ‘PC_’ taken, using ‘seuratpca_’ instead 
An object of class Seurat 
34977 features across 103339 samples within 1 assay 
Active assay: originalexp (34977 features, 2000 variable features)
 3 layers present: counts, data, scale.data
 5 dimensional reductions calculated: GLMPCA_approx, tSNE, HARMONY, tSNE_HARMONY, seurat_pca
[1] "Reproducibility information:"
[1] "2026-02-13 13:49:32 EST"
   user  system elapsed 
702.094  14.579 721.613 
─ Session info ───────────────────────────────────────────────────────────────────────────────────────────────────────
 setting  value
 version  R version 4.3.2 (2023-10-31)
 os       Rocky Linux 9.4 (Blue Onyx)
 system   x86_64, linux-gnu
 ui       X11
 language (EN)
 collate  en_US.UTF-8
 ctype    en_US.UTF-8
 tz       US/Eastern
 date     2026-02-13
 pandoc   3.1.3 @ /jhpce/shared/libd/core/r_nac/1.0/nac_env/bin/pandoc

─ Packages ───────────────────────────────────────────────────────────────────────────────────────────────────────────
 package              * version    date (UTC) lib source
 abind                  1.4-5      2016-07-21 [1] CRAN (R 4.3.2)
 beachmat               2.18.0     2023-10-24 [1] Bioconductor
 Biobase              * 2.62.0     2023-10-24 [1] Bioconductor
 BiocGenerics         * 0.48.1     2023-11-01 [1] Bioconductor
 BiocParallel           1.36.0     2023-10-24 [1] Bioconductor
 bitops                 1.0-7      2021-04-24 [1] CRAN (R 4.3.2)
 cli                    3.6.2      2023-12-11 [1] CRAN (R 4.3.2)
 cluster                2.1.6      2023-12-01 [1] CRAN (R 4.3.2)
 codetools              0.2-19     2023-02-01 [1] CRAN (R 4.3.0)
 colorspace             2.1-0      2023-01-23 [1] CRAN (R 4.3.0)
 cowplot                1.1.1      2020-12-30 [1] CRAN (R 4.3.2)
 crayon                 1.5.2      2022-09-29 [1] CRAN (R 4.3.0)
 data.table             1.14.10    2023-12-08 [1] CRAN (R 4.3.2)
 DelayedArray           0.28.0     2023-10-24 [1] Bioconductor
 DelayedMatrixStats     1.24.0     2023-10-24 [1] Bioconductor
 deldir                 2.0-2      2023-11-23 [1] CRAN (R 4.3.2)
 digest                 0.6.33     2023-07-07 [1] CRAN (R 4.3.0)
 dotCall64              1.1-1      2023-11-28 [1] CRAN (R 4.3.2)
 dplyr                  1.1.4      2023-11-17 [1] CRAN (R 4.3.2)
 ellipsis               0.3.2      2021-04-29 [1] CRAN (R 4.3.0)
 fansi                  1.0.6      2023-12-08 [1] CRAN (R 4.3.2)
 farver                 2.1.1      2022-07-06 [1] CRAN (R 4.3.0)
 fastDummies            1.7.3      2023-07-06 [1] CRAN (R 4.3.2)
 fastmap                1.1.1      2023-02-24 [1] CRAN (R 4.3.0)
 fitdistrplus           1.1-11     2023-04-25 [1] CRAN (R 4.3.2)
 future                 1.33.0     2023-07-01 [1] CRAN (R 4.3.0)
 future.apply           1.11.0     2023-05-21 [1] CRAN (R 4.3.0)
 generics               0.1.3      2022-07-05 [1] CRAN (R 4.3.0)
 GenomeInfoDb         * 1.38.1     2023-11-08 [1] Bioconductor
 GenomeInfoDbData       1.2.11     2023-12-12 [1] Bioconductor
 GenomicRanges        * 1.54.1     2023-10-29 [1] Bioconductor
 ggplot2                3.5.1      2024-04-23 [1] CRAN (R 4.3.2)
 ggrepel                0.9.4      2023-10-13 [1] CRAN (R 4.3.2)
 ggridges               0.5.4      2022-09-26 [1] CRAN (R 4.3.2)
 globals                0.16.2     2022-11-21 [1] CRAN (R 4.3.0)
 glue                   1.7.0      2024-01-09 [1] CRAN (R 4.3.2)
 goftest                1.2-3      2021-10-07 [1] CRAN (R 4.3.2)
 gridExtra              2.3        2017-09-09 [1] CRAN (R 4.3.2)
 gtable                 0.3.4      2023-08-21 [1] CRAN (R 4.3.1)
 here                 * 1.0.1      2020-12-13 [1] CRAN (R 4.3.2)
 htmltools              0.5.7      2023-11-03 [1] CRAN (R 4.3.2)
 htmlwidgets            1.6.4      2023-12-06 [1] CRAN (R 4.3.2)
 httpuv                 1.6.13     2023-12-06 [1] CRAN (R 4.3.2)
 httr                   1.4.7      2023-08-15 [1] CRAN (R 4.3.1)
 ica                    1.0-3      2022-07-08 [1] CRAN (R 4.3.2)
 igraph                 2.0.3      2024-03-13 [1] CRAN (R 4.3.2)
 IRanges              * 2.36.0     2023-10-24 [1] Bioconductor
 irlba                  2.3.5.1    2022-10-03 [1] CRAN (R 4.3.2)
 jsonlite               1.8.8      2023-12-04 [1] CRAN (R 4.3.2)
 KernSmooth             2.23-22    2023-07-10 [1] CRAN (R 4.3.0)
 later                  1.3.2      2023-12-06 [1] CRAN (R 4.3.2)
 lattice                0.22-5     2023-10-24 [1] CRAN (R 4.3.1)
 lazyeval               0.2.2      2019-03-15 [1] CRAN (R 4.3.0)
 leiden                 0.4.3.1    2023-11-17 [1] CRAN (R 4.3.2)
 lifecycle              1.0.4      2023-11-07 [1] CRAN (R 4.3.2)
 listenv                0.9.0      2022-12-16 [1] CRAN (R 4.3.0)
 lmtest                 0.9-40     2022-03-21 [1] CRAN (R 4.3.2)
 magrittr               2.0.3      2022-03-30 [1] CRAN (R 4.3.0)
 MASS                   7.3-60     2023-05-04 [1] CRAN (R 4.3.0)
 Matrix                 1.6-4      2023-11-30 [1] CRAN (R 4.3.2)
 MatrixGenerics       * 1.14.0     2023-10-24 [1] Bioconductor
 matrixStats          * 1.2.0      2023-12-11 [1] CRAN (R 4.3.2)
 mime                   0.12       2021-09-28 [1] CRAN (R 4.3.0)
 miniUI                 0.1.1.1    2018-05-18 [1] CRAN (R 4.3.2)
 munsell                0.5.0      2018-06-12 [1] CRAN (R 4.3.0)
 nlme                   3.1-164    2023-11-27 [1] CRAN (R 4.3.2)
 parallelly             1.36.0     2023-05-26 [1] CRAN (R 4.3.0)
 patchwork              1.3.0.9000 2024-11-06 [1] Github (thomasp85/patchwork@2695a9f)
 pbapply                1.7-2      2023-06-27 [1] CRAN (R 4.3.2)
 pillar                 1.9.0      2023-03-22 [1] CRAN (R 4.3.0)
 pkgconfig              2.0.3      2019-09-22 [1] CRAN (R 4.3.0)
 plotly                 4.10.3     2023-10-21 [1] CRAN (R 4.3.2)
 plyr                   1.8.9      2023-10-02 [1] CRAN (R 4.3.1)
 png                    0.1-8      2022-11-29 [1] CRAN (R 4.3.2)
 polyclip               1.10-6     2023-09-27 [1] CRAN (R 4.3.2)
 progressr              0.14.0     2023-08-10 [1] CRAN (R 4.3.1)
 promises               1.2.1      2023-08-10 [1] CRAN (R 4.3.1)
 purrr                  1.0.2      2023-08-10 [1] CRAN (R 4.3.1)
 R6                     2.5.1      2021-08-19 [1] CRAN (R 4.3.0)
 RANN                   2.6.1      2019-01-08 [1] CRAN (R 4.3.2)
 RColorBrewer           1.1-3      2022-04-03 [1] CRAN (R 4.3.0)
 Rcpp                   1.0.12     2024-01-09 [1] CRAN (R 4.3.2)
 RcppAnnoy              0.0.21     2023-07-02 [1] CRAN (R 4.3.2)
 RcppHNSW               0.5.0      2023-09-19 [1] CRAN (R 4.3.2)
 RCurl                  1.98-1.13  2023-11-02 [1] CRAN (R 4.3.2)
 reshape2               1.4.4      2020-04-09 [1] CRAN (R 4.3.0)
 reticulate             1.34.0     2023-10-12 [1] CRAN (R 4.3.2)
 rlang                  1.1.3      2024-01-10 [1] CRAN (R 4.3.2)
 ROCR                   1.0-11     2020-05-02 [1] CRAN (R 4.3.2)
 rprojroot              2.0.4      2023-11-05 [1] CRAN (R 4.3.2)
 RSpectra               0.16-1     2022-04-24 [1] CRAN (R 4.3.2)
 Rtsne                  0.17       2023-12-07 [1] CRAN (R 4.3.2)
 S4Arrays               1.2.0      2023-10-24 [1] Bioconductor
 S4Vectors            * 0.40.2     2023-11-23 [1] Bioconductor 3.18 (R 4.3.2)
 scales                 1.3.0      2023-11-28 [1] CRAN (R 4.3.2)
 scattermore            1.2        2023-06-12 [1] CRAN (R 4.3.2)
 sctransform            0.4.1      2023-10-19 [1] CRAN (R 4.3.2)
 scuttle                1.12.0     2023-10-24 [1] Bioconductor
 sessioninfo          * 1.2.2      2021-12-06 [1] CRAN (R 4.3.2)
 Seurat               * 5.0.1      2023-11-17 [1] CRAN (R 4.3.2)
 SeuratObject         * 5.0.1      2023-11-17 [1] CRAN (R 4.3.2)
 shiny                  1.8.0      2023-11-17 [1] CRAN (R 4.3.2)
 SingleCellExperiment * 1.24.0     2023-10-24 [1] Bioconductor
 sp                   * 2.1-2      2023-11-26 [1] CRAN (R 4.3.2)
 spam                   2.10-0     2023-10-23 [1] CRAN (R 4.3.2)
 SparseArray            1.2.2      2023-11-07 [1] Bioconductor
 sparseMatrixStats      1.14.0     2023-10-24 [1] Bioconductor
 spatstat.data          3.0-3      2023-10-24 [1] CRAN (R 4.3.2)
 spatstat.explore       3.2-5      2023-10-22 [1] CRAN (R 4.3.2)
 spatstat.geom          3.2-7      2023-10-20 [1] CRAN (R 4.3.2)
 spatstat.random        3.2-2      2023-11-29 [1] CRAN (R 4.3.2)
 spatstat.sparse        3.0-3      2023-10-24 [1] CRAN (R 4.3.2)
 spatstat.utils         3.1-0      2024-08-17 [1] CRAN (R 4.3.2)
 stringi                1.8.3      2023-12-11 [1] CRAN (R 4.3.2)
 stringr                1.5.1      2023-11-14 [1] CRAN (R 4.3.2)
 SummarizedExperiment * 1.32.0     2023-10-24 [1] Bioconductor
 survival               3.5-7      2023-08-14 [1] CRAN (R 4.3.1)
 tensor                 1.5        2012-05-05 [1] CRAN (R 4.3.2)
 tibble                 3.2.1      2023-03-20 [1] CRAN (R 4.3.0)
 tidyr                  1.3.0      2023-01-24 [1] CRAN (R 4.3.0)
 tidyselect             1.2.0      2022-10-10 [1] CRAN (R 4.3.0)
 utf8                   1.2.4      2023-10-22 [1] CRAN (R 4.3.1)
 uwot                   0.1.16     2023-06-29 [1] CRAN (R 4.3.2)
 vctrs                  0.6.5      2023-12-01 [1] CRAN (R 4.3.2)
 viridisLite            0.4.2      2023-05-02 [1] CRAN (R 4.3.0)
 xtable                 1.8-4      2019-04-21 [1] CRAN (R 4.3.0)
 XVector                0.42.0     2023-10-24 [1] Bioconductor
 zlibbioc               1.48.0     2023-10-24 [1] Bioconductor
 zoo                    1.8-12     2023-04-13 [1] CRAN (R 4.3.0)

 [1] /jhpce/shared/libd/core/r_nac/1.0/nac_env/lib/R/library

──────────────────────────────────────────────────────────────────────────────────────────────────────────────────────
********* Job Ends *********
Fri Feb 13 01:49:33 PM EST 2026
